2026-07-29T02:42:12.792Z 200
2026-07-29T02:42:14.236Z 200
2026-07-29T02:42:15.633Z 200
2026-07-29T02:42:18.257Z 200
2026-07-29T02:42:19.653Z 200
2026-07-29T02:42:21.928Z 200
2026-07-29T02:42:23.339Z 200
2026-07-29T02:42:24.743Z 200
2026-07-29T02:42:26.354Z 200
2026-07-29T02:42:28.164Z 200
2026-07-29T02:42:29.625Z 200
2026-07-29T02:42:31.223Z 200
2026-07-29T02:42:33.409Z 200
2026-07-29T02:42:34.942Z 200
2026-07-29T02:42:36.406Z 200
2026-07-29T02:42:37.802Z 200
2026-07-29T02:42:39.310Z 200
2026-07-29T02:42:40.776Z 200
2026-07-29T02:42:42.590Z 200
2026-07-29T02:42:43.974Z 200
2026-07-29T02:42:45.475Z 200
2026-07-29T02:42:46.884Z 200
2026-07-29T02:42:48.224Z 200
2026-07-29T02:42:49.601Z 200
2026-07-29T02:42:50.955Z 200
2026-07-29T02:42:52.711Z 200
2026-07-29T02:42:54.124Z 200
2026-07-29T02:42:55.540Z 200
2026-07-29T02:42:56.929Z 200
2026-07-29T02:42:58.330Z 200
2026-07-29T02:42:59.885Z 000
2026-07-29T02:43:03.368Z 200
2026-07-29T02:43:04.861Z 200
2026-07-29T02:43:06.185Z 200
2026-07-29T02:43:07.753Z 200
2026-07-29T02:43:09.228Z 200
2026-07-29T02:43:10.652Z 200
2026-07-29T02:43:12.232Z 200
2026-07-29T02:43:13.646Z 200
2026-07-29T02:43:15.034Z 200
2026-07-29T02:43:16.368Z 200
2026-07-29T02:43:17.759Z 200
2026-07-29T02:43:19.158Z 200
2026-07-29T02:43:20.519Z 200
2026-07-29T02:43:21.827Z 200
2026-07-29T02:43:23.138Z 200
2026-07-29T02:43:24.553Z 200
2026-07-29T02:43:27.491Z 200
2026-07-29T02:43:28.867Z 200
2026-07-29T02:43:30.180Z 200
2026-07-29T02:43:31.448Z 200
2026-07-29T02:43:32.744Z 200
2026-07-29T02:43:34.059Z 200
2026-07-29T02:43:35.399Z 200
2026-07-29T02:43:36.841Z 200
2026-07-29T02:43:38.226Z 200
2026-07-29T02:43:39.632Z 200
2026-07-29T02:43:40.938Z 200
2026-07-29T02:43:42.219Z 200
2026-07-29T02:43:43.518Z 200
2026-07-29T02:43:44.800Z 200
2026-07-29T02:43:46.141Z 200
2026-07-29T02:43:47.423Z 200
2026-07-29T02:43:48.878Z 200
2026-07-29T02:43:50.296Z 200
2026-07-29T02:43:53.513Z 200
2026-07-29T02:43:54.831Z 200
2026-07-29T02:43:56.213Z 200
2026-07-29T02:43:57.512Z 200
2026-07-29T02:43:58.960Z 200
2026-07-29T02:44:00.320Z 200
2026-07-29T02:44:01.720Z 200
2026-07-29T02:44:03.170Z 200
2026-07-29T02:44:04.577Z 200
2026-07-29T02:44:05.908Z 200
2026-07-29T02:44:07.242Z 200
