2026-07-28T19:59:26.346Z 200
2026-07-28T19:59:27.630Z 200
2026-07-28T19:59:28.867Z 200
2026-07-28T19:59:30.074Z 200
2026-07-28T19:59:31.323Z 200
2026-07-28T19:59:32.551Z 502
2026-07-28T19:59:33.786Z 503
2026-07-28T19:59:35.022Z 503
2026-07-28T19:59:36.228Z 503
2026-07-28T19:59:37.437Z 503
2026-07-28T19:59:38.700Z 503
2026-07-28T19:59:39.915Z 503
2026-07-28T19:59:41.142Z 503
2026-07-28T19:59:42.348Z 503
2026-07-28T19:59:43.562Z 503
2026-07-28T19:59:44.821Z 200
2026-07-28T19:59:46.048Z 200
2026-07-28T19:59:47.264Z 200
2026-07-28T19:59:48.477Z 200
2026-07-28T19:59:49.699Z 200
